// Vitest Snapshot v1, https://vitest.dev/guide/snapshot.html

exports[`renders user card with name and image 1`] = `<UserCard />`;
